{
    "status": "success",
    "data": {
        "score": 1,
        "message": [
            {
                "message": "Test 1: PASS - Function returns 'Hello World!'",
                "status": "success"
            },
            {
                "message": "Test 2: PASS - Function returns a string of 12 characters",
                "status": "success"
            },
            {
                "message": "Test 3: PASS - Function returns string that starts with 'H'",
                "status": "success"
            }
        ]
    }
}