{
    "status": "success",
    "data": {
        "score": 0,
        "message": [
            {
                "message": "Test 1: FAIL - Function returns 'Hello World!'",
                "status": "failure"
            },
            {
                "message": "Test 2: FAIL - Function returns a string of 12 characters",
                "status": "failure"
            },
            {
                "message": "Test 3: PASS - Function returns string that starts with 'H'",
                "status": "success"
            }
        ]
    }
}